// Jest Snapshot v1, https://goo.gl/fbAQLP

exports[`Testcase for Filter Component render without crashing 1`] = `ReactWrapper {}`;
